[Fri, 26 Jan 2018 02:10:10 GMT] (test) INFO:  Integration: API Core

[0m[0m
[0m  Switch API[0m
[0m    neoscan[0m
    [32m  ✓[0m[90m calls getWalletDBHeight[0m
    [32m  ✓[0m[90m calls getRPCEndpoint[0m
    [32m  ✓[0m[90m calls getMaxClaimAmount[0m
    [32m  ✓[0m[90m calls getTransactionHistory[0m
    [32m  ✓[0m[90m calls getClaimsFrom[0m
    [32m  ✓[0m[90m calls getBalanceFrom[0m
[0m    neonDB[0m
    [32m  ✓[0m[90m calls getWalletDBHeight[0m
    [32m  ✓[0m[90m calls getRPCEndpoint[0m
    [32m  ✓[0m[90m calls getMaxClaimAmount[0m
    [32m  ✓[0m[90m calls getTransactionHistory[0m
claims response [ { claim: 0.02455600,
    txid: '0ba525af5817b01314ef4e4bc9823986ca7e30871178ce2aa7b86d23d7937768',
    index: 0,
    value: 350,
    start: 786191.00000000,
    end: 786756.00000000 },
  { claim: 0.05267460,
    txid: '27341b5fffa9b0c74e454cb73481b9d50cc9fb5856b9a468a7bb7dc4d518628d',
    index: 1,
    value: 330,
    start: 786756.00000000,
    end: 788380.00000000 } ]
    [32m  ✓[0m[90m calls getClaimsFrom[0m
    [32m  ✓[0m[90m calls getBalanceFrom[0m


[92m [0m[32m 12 passing[0m[90m (129ms)[0m

